<environment xmlns="https://admin-shell.io/aas/3/0">
	<submodels>
		<submodel>
			<id>something_48c66017</id>
			<submodelElements>
				<range>
					<idShort>something3fdd3eb4</idShort>
					<valueType>xs:double</valueType>
					<min>2e307</min>
					<max>2e307</max>
				</range>
			</submodelElements>
		</submodel>
	</submodels>
</environment>
