{
  "submodels": [
    {
      "id": "something_48c66017",
      "modelType": "Submodel",
      "submodelElements": [
        {
          "idShort": "something3fdd3eb4",
          "max": "2e-307",
          "min": "2e-307",
          "modelType": "Range",
          "valueType": "xs:double"
        }
      ]
    }
  ]
}